# Arguments: 1000 user

hostname
user@hostname
hostname.home.arpa
user@hostname.home.arpa
hostname.local
user@hostname.local
